node_modules/electron-vite/dist/index.d.ts(1,46): error TS2305: Module '"vite"' has no exported member 'BuildEnvironmentOptions'.
node_modules/electron-vite/dist/index.d.ts(3,33): error TS2307: Cannot find module '@swc/core' or its corresponding type declarations.
node_modules/vite/dist/node/index.d.ts(5,41): error TS2307: Cannot find module 'rollup/parseAst' or its corresponding type declarations.
  There are types at 'C:/CypressWorkstation/Local Test Suites/humshakals/node_modules/rollup/dist/parseAst.d.ts', but this result could not be resolved under your current 'moduleResolution' setting. Consider updating to 'node16', 'nodenext', or 'bundler'.
